// Jest Snapshot v1, https://goo.gl/fbAQLP

exports[`Pruebas en <LoginScreen /> debe de hacer match con el snapshot  1`] = `
<div
  className="container mt-5"
>
  <h1>
    Login
  </h1>
  <hr />
  <button
    className="btn btn-primary btn-large"
    onClick={[Function]}
  >
    Login
  </button>
</div>
`;
